
> dv-quick-run@0.9.17 compile
> tsc -p ./

src/commands/hub/dvQuickRunHubContent.ts(305,3): error TS1005: ',' expected.
